../Core/Src/main.c:88:5:main	8	static
../Core/Src/main.c:148:6:SystemClock_Config	88	static
../Core/Src/main.c:196:13:MX_ADC1_Init	24	static
../Core/Src/main.c:245:13:MX_TIM2_Init	64	static
../Core/Src/main.c:301:13:MX_USART2_UART_Init	8	static
../Core/Src/main.c:331:13:MX_GPIO_Init	40	static
../Core/Src/main.c:371:6:StartDefaultTask	16	static
../Core/Src/main.c:379:6:StartTaskMotorController	24	static
../Core/Src/main.c:409:6:StartTaskUARTController	16	static
../Core/Src/main.c:417:6:StartTaskButtonController	32	static
../Core/Src/main.c:451:6:HAL_TIM_PeriodElapsedCallback	16	static
../Core/Src/main.c:466:6:Error_Handler	4	static
