../Core/Src/main.c:111:5:main	8	static
../Core/Src/main.c:191:6:SystemClock_Config	88	static
../Core/Src/main.c:239:13:MX_ADC1_Init	24	static
../Core/Src/main.c:291:13:MX_TIM2_Init	64	static
../Core/Src/main.c:350:13:MX_USART2_UART_Init	8	static
../Core/Src/main.c:383:13:MX_GPIO_Init	40	static
../Core/Src/main.c:419:6:map	24	static
../Core/Src/main.c:432:6:StartDefaultTask	16	static
../Core/Src/main.c:450:6:StartTaskMotorController	24	static
../Core/Src/main.c:484:6:StartTaskUARTController	48	static
../Core/Src/main.c:515:6:StartTaskButtonController	32	static
../Core/Src/main.c:548:6:HAL_TIM_PeriodElapsedCallback	16	static
../Core/Src/main.c:565:6:Error_Handler	4	static,ignoring_inline_asm
